// Jest Snapshot v1, https://goo.gl/fbAQLP

exports[`should handle edit expense 1`] = `
<div>
  <p>
    Edit expense 
    abc
  </p>
  <button
    onClick={[Function]}
  >
    Remove
  </button>
  <ExpenseForm
    expense={
      Object {
        "amount": 195,
        "createdAt": 0,
        "description": "Gum",
        "id": "abc",
        "note": "",
      }
    }
    onSubmit={[Function]}
  />
</div>
`;

exports[`should handle remove expense 1`] = `
<div>
  <p>
    Edit expense 
    abc
  </p>
  <button
    onClick={[Function]}
  >
    Remove
  </button>
  <ExpenseForm
    expense={
      Object {
        "amount": 195,
        "createdAt": 0,
        "description": "Gum",
        "id": "abc",
        "note": "",
      }
    }
    onSubmit={[Function]}
  />
</div>
`;

exports[`should render EditPage 1`] = `
<div>
  <p>
    Edit expense 
    abc
  </p>
  <button
    onClick={[Function]}
  >
    Remove
  </button>
  <ExpenseForm
    expense={
      Object {
        "amount": 195,
        "createdAt": 0,
        "description": "Gum",
        "id": "abc",
        "note": "",
      }
    }
    onSubmit={[Function]}
  />
</div>
`;
